localhost:80 103.154.114.130 - - [20/Dec/2022:03:39:04 +0000] "GET /public?debugbar_time=1671507543.034981 HTTP/1.1" 301 572 "http://36.88.21.18:49156/public/login" "Mozilla/5.0 (Windows NT 10.0; Win64; x64) AppleWebKit/537.36 (KHTML, like Gecko) Chrome/108.0.0.0 Safari/537.36"
localhost:80 103.154.114.130 - - [20/Dec/2022:03:39:04 +0000] "GET /favicon.ico HTTP/1.1" 404 1522 "http://36.88.21.18:49156/public/login" "Mozilla/5.0 (Windows NT 10.0; Win64; x64) AppleWebKit/537.36 (KHTML, like Gecko) Chrome/108.0.0.0 Safari/537.36"
localhost:80 103.154.114.130 - - [20/Dec/2022:03:39:04 +0000] "GET /public/?debugbar_time=1671507543.034981 HTTP/1.1" 200 21955 "http://36.88.21.18:49156/public/login" "Mozilla/5.0 (Windows NT 10.0; Win64; x64) AppleWebKit/537.36 (KHTML, like Gecko) Chrome/108.0.0.0 Safari/537.36"
localhost:80 127.0.0.1 - - [20/Dec/2022:03:39:08 +0000] "OPTIONS * HTTP/1.0" 200 126 "-" "Apache/2.4.54 (Debian) PHP/7.4.33 (internal dummy connection)"
localhost:80 103.154.114.130 - - [20/Dec/2022:03:39:31 +0000] "-" 408 0 "-" "-"
localhost:80 103.154.114.130 - - [20/Dec/2022:03:39:32 +0000] "-" 408 0 "-" "-"
localhost:80 103.154.114.130 - - [20/Dec/2022:03:39:34 +0000] "GET /favicon.ico HTTP/1.1" 404 1523 "http://36.88.21.18:49156/public/login" "Mozilla/5.0 (Windows NT 10.0; Win64; x64) AppleWebKit/537.36 (KHTML, like Gecko) Chrome/108.0.0.0 Safari/537.36"
localhost:80 103.154.114.130 - - [20/Dec/2022:03:40:02 +0000] "GET /public/login HTTP/1.1" 200 7722 "-" "Mozilla/5.0 (Windows NT 10.0; Win64; x64) AppleWebKit/537.36 (KHTML, like Gecko) Chrome/108.0.0.0 Safari/537.36"
localhost:80 103.154.114.130 - - [20/Dec/2022:03:40:02 +0000] "GET /public/?debugbar HTTP/1.1" 200 1511 "http://36.88.21.18:49156/public/login" "Mozilla/5.0 (Windows NT 10.0; Win64; x64) AppleWebKit/537.36 (KHTML, like Gecko) Chrome/108.0.0.0 Safari/537.36"
localhost:80 103.154.114.130 - - [20/Dec/2022:03:40:03 +0000] "GET /public?debugbar_time=1671507602.677174 HTTP/1.1" 301 572 "http://36.88.21.18:49156/public/login" "Mozilla/5.0 (Windows NT 10.0; Win64; x64) AppleWebKit/537.36 (KHTML, like Gecko) Chrome/108.0.0.0 Safari/537.36"
localhost:80 103.154.114.130 - - [20/Dec/2022:03:40:03 +0000] "GET /favicon.ico HTTP/1.1" 404 1523 "http://36.88.21.18:49156/public/login" "Mozilla/5.0 (Windows NT 10.0; Win64; x64) AppleWebKit/537.36 (KHTML, like Gecko) Chrome/108.0.0.0 Safari/537.36"
localhost:80 103.154.114.130 - - [20/Dec/2022:03:40:03 +0000] "GET /public/?debugbar_time=1671507602.677174 HTTP/1.1" 200 22035 "http://36.88.21.18:49156/public/login" "Mozilla/5.0 (Windows NT 10.0; Win64; x64) AppleWebKit/537.36 (KHTML, like Gecko) Chrome/108.0.0.0 Safari/537.36"
localhost:80 192.168.201.184 - - [20/Dec/2022:03:40:06 +0000] "POST /logout HTTP/1.1" 303 23005 "http://192.168.201.169:8080/public/" "Mozilla/5.0 (X11; CrOS aarch64 13597.84.0) AppleWebKit/537.36 (KHTML, like Gecko) Chrome/104.0.5112.105 Safari/537.36"
localhost:80 192.168.201.254 - - [20/Dec/2022:03:40:06 +0000] "GET /public/ HTTP/1.1" 307 594 "http://192.168.201.169:8080/" "Mozilla/5.0 (X11; CrOS aarch64 13597.84.0) AppleWebKit/537.36 (KHTML, like Gecko) Chrome/104.0.5112.105 Safari/537.36"
localhost:80 192.168.201.254 - - [20/Dec/2022:03:40:06 +0000] "GET /public/login HTTP/1.1" 200 7870 "http://192.168.201.169:8080/" "Mozilla/5.0 (X11; CrOS aarch64 13597.84.0) AppleWebKit/537.36 (KHTML, like Gecko) Chrome/104.0.5112.105 Safari/537.36"
localhost:80 192.168.201.254 - - [20/Dec/2022:03:40:07 +0000] "GET /public/template/node_modules/bootstrap/dist/css/bootstrap.min.css HTTP/1.1" 200 23578 "http://36.88.21.18:49156/public/login" "Mozilla/5.0 (X11; CrOS aarch64 13597.84.0) AppleWebKit/537.36 (KHTML, like Gecko) Chrome/104.0.5112.105 Safari/537.36"
localhost:80 192.168.201.254 - - [20/Dec/2022:03:40:07 +0000] "GET /public/template/node_modules/@fortawesome/fontawesome-free/css/all.css HTTP/1.1" 200 13104 "http://36.88.21.18:49156/public/login" "Mozilla/5.0 (X11; CrOS aarch64 13597.84.0) AppleWebKit/537.36 (KHTML, like Gecko) Chrome/104.0.5112.105 Safari/537.36"
localhost:80 192.168.201.254 - - [20/Dec/2022:03:40:07 +0000] "GET /public/?debugbar HTTP/1.1" 200 1511 "http://36.88.21.18:49156/public/login" "Mozilla/5.0 (X11; CrOS aarch64 13597.84.0) AppleWebKit/537.36 (KHTML, like Gecko) Chrome/104.0.5112.105 Safari/537.36"
localhost:80 192.168.201.254 - - [20/Dec/2022:03:40:07 +0000] "GET /public/template/node_modules/selectric/public/selectric.css HTTP/1.1" 200 1401 "http://36.88.21.18:49156/public/login" "Mozilla/5.0 (X11; CrOS aarch64 13597.84.0) AppleWebKit/537.36 (KHTML, like Gecko) Chrome/104.0.5112.105 Safari/537.36"
localhost:80 192.168.201.254 - - [20/Dec/2022:03:40:07 +0000] "GET /public/template/node_modules/bootstrap-social/bootstrap-social.css HTTP/1.1" 200 3572 "http://36.88.21.18:49156/public/login" "Mozilla/5.0 (X11; CrOS aarch64 13597.84.0) AppleWebKit/537.36 (KHTML, like Gecko) Chrome/104.0.5112.105 Safari/537.36"
localhost:80 192.168.201.254 - - [20/Dec/2022:03:40:07 +0000] "GET /public/template/assets/css/style.css HTTP/1.1" 200 36197 "http://36.88.21.18:49156/public/login" "Mozilla/5.0 (X11; CrOS aarch64 13597.84.0) AppleWebKit/537.36 (KHTML, like Gecko) Chrome/104.0.5112.105 Safari/537.36"
localhost:80 192.168.201.254 - - [20/Dec/2022:03:40:07 +0000] "GET /public/template/assets/css/components.css HTTP/1.1" 200 131037 "http://36.88.21.18:49156/public/login" "Mozilla/5.0 (X11; CrOS aarch64 13597.84.0) AppleWebKit/537.36 (KHTML, like Gecko) Chrome/104.0.5112.105 Safari/537.36"
localhost:80 192.168.201.254 - - [20/Dec/2022:03:40:07 +0000] "GET /public/template/assets/js/stisla.js HTTP/1.1" 200 2796 "http://36.88.21.18:49156/public/login" "Mozilla/5.0 (X11; CrOS aarch64 13597.84.0) AppleWebKit/537.36 (KHTML, like Gecko) Chrome/104.0.5112.105 Safari/537.36"
localhost:80 192.168.201.254 - - [20/Dec/2022:03:40:07 +0000] "GET /public/template/node_modules/jquery-pwstrength/jquery.pwstrength.min.js HTTP/1.1" 200 956 "http://36.88.21.18:49156/public/login" "Mozilla/5.0 (X11; CrOS aarch64 13597.84.0) AppleWebKit/537.36 (KHTML, like Gecko) Chrome/104.0.5112.105 Safari/537.36"
localhost:80 192.168.201.254 - - [20/Dec/2022:03:40:07 +0000] "GET /public/template/node_modules/moment/min/moment.min.js HTTP/1.1" 200 17465 "http://36.88.21.18:49156/public/login" "Mozilla/5.0 (X11; CrOS aarch64 13597.84.0) AppleWebKit/537.36 (KHTML, like Gecko) Chrome/104.0.5112.105 Safari/537.36"
localhost:80 192.168.201.254 - - [20/Dec/2022:03:40:07 +0000] "GET /public/template/node_modules/bootstrap/dist/js/bootstrap.min.js HTTP/1.1" 200 15789 "http://36.88.21.18:49156/public/login" "Mozilla/5.0 (X11; CrOS aarch64 13597.84.0) AppleWebKit/537.36 (KHTML, like Gecko) Chrome/104.0.5112.105 Safari/537.36"
localhost:80 192.168.201.254 - - [20/Dec/2022:03:40:07 +0000] "GET /public/template/node_modules/jquery.nicescroll/dist/jquery.nicescroll.min.js HTTP/1.1" 200 17143 "http://36.88.21.18:49156/public/login" "Mozilla/5.0 (X11; CrOS aarch64 13597.84.0) AppleWebKit/537.36 (KHTML, like Gecko) Chrome/104.0.5112.105 Safari/537.36"
localhost:80 192.168.201.254 - - [20/Dec/2022:03:40:07 +0000] "GET /public/template/node_modules/jquery/dist/jquery.min.js HTTP/1.1" 200 31030 "http://36.88.21.18:49156/public/login" "Mozilla/5.0 (X11; CrOS aarch64 13597.84.0) AppleWebKit/537.36 (KHTML, like Gecko) Chrome/104.0.5112.105 Safari/537.36"
localhost:80 192.168.201.254 - - [20/Dec/2022:03:40:07 +0000] "GET /public/template/node_modules/selectric/public/jquery.selectric.min.js HTTP/1.1" 200 5164 "http://36.88.21.18:49156/public/login" "Mozilla/5.0 (X11; CrOS aarch64 13597.84.0) AppleWebKit/537.36 (KHTML, like Gecko) Chrome/104.0.5112.105 Safari/537.36"
localhost:80 192.168.201.254 - - [20/Dec/2022:03:40:07 +0000] "GET /public/template/assets/js/scripts.js HTTP/1.1" 200 4382 "http://36.88.21.18:49156/public/login" "Mozilla/5.0 (X11; CrOS aarch64 13597.84.0) AppleWebKit/537.36 (KHTML, like Gecko) Chrome/104.0.5112.105 Safari/537.36"
localhost:80 192.168.201.254 - - [20/Dec/2022:03:40:07 +0000] "GET /public/template/assets/js/custom.js HTTP/1.1" 200 490 "http://36.88.21.18:49156/public/login" "Mozilla/5.0 (X11; CrOS aarch64 13597.84.0) AppleWebKit/537.36 (KHTML, like Gecko) Chrome/104.0.5112.105 Safari/537.36"
localhost:80 192.168.201.254 - - [20/Dec/2022:03:40:07 +0000] "GET /public/template/assets/js/page/auth-register.js HTTP/1.1" 200 340 "http://36.88.21.18:49156/public/login" "Mozilla/5.0 (X11; CrOS aarch64 13597.84.0) AppleWebKit/537.36 (KHTML, like Gecko) Chrome/104.0.5112.105 Safari/537.36"
localhost:80 192.168.201.254 - - [20/Dec/2022:03:40:07 +0000] "GET /public/assets/logo-fk.webp HTTP/1.1" 200 19808 "http://36.88.21.18:49156/public/login" "Mozilla/5.0 (X11; CrOS aarch64 13597.84.0) AppleWebKit/537.36 (KHTML, like Gecko) Chrome/104.0.5112.105 Safari/537.36"
localhost:80 192.168.201.254 - - [20/Dec/2022:03:40:08 +0000] "GET /public?debugbar_time=1671507606.784645 HTTP/1.1" 301 572 "http://36.88.21.18:49156/public/login" "Mozilla/5.0 (X11; CrOS aarch64 13597.84.0) AppleWebKit/537.36 (KHTML, like Gecko) Chrome/104.0.5112.105 Safari/537.36"
localhost:80 192.168.201.254 - - [20/Dec/2022:03:40:08 +0000] "GET /public/?debugbar_time=1671507606.784645 HTTP/1.1" 200 22016 "http://36.88.21.18:49156/public/login" "Mozilla/5.0 (X11; CrOS aarch64 13597.84.0) AppleWebKit/537.36 (KHTML, like Gecko) Chrome/104.0.5112.105 Safari/537.36"
localhost:80 192.168.201.254 - - [20/Dec/2022:03:40:08 +0000] "GET /favicon.ico HTTP/1.1" 404 1522 "http://36.88.21.18:49156/public/login" "Mozilla/5.0 (X11; CrOS aarch64 13597.84.0) AppleWebKit/537.36 (KHTML, like Gecko) Chrome/104.0.5112.105 Safari/537.36"
localhost:80 127.0.0.1 - - [20/Dec/2022:03:40:16 +0000] "OPTIONS * HTTP/1.0" 200 126 "-" "Apache/2.4.54 (Debian) PHP/7.4.33 (internal dummy connection)"
localhost:80 127.0.0.1 - - [20/Dec/2022:03:40:17 +0000] "OPTIONS * HTTP/1.0" 200 126 "-" "Apache/2.4.54 (Debian) PHP/7.4.33 (internal dummy connection)"
localhost:80 103.154.114.130 - - [20/Dec/2022:03:40:32 +0000] "-" 408 0 "-" "-"
localhost:80 103.154.114.130 - - [20/Dec/2022:03:40:32 +0000] "-" 408 0 "-" "-"
localhost:80 127.0.0.1 - - [20/Dec/2022:03:40:34 +0000] "OPTIONS * HTTP/1.0" 200 126 "-" "Apache/2.4.54 (Debian) PHP/7.4.33 (internal dummy connection)"
localhost:80 127.0.0.1 - - [20/Dec/2022:03:40:35 +0000] "OPTIONS * HTTP/1.0" 200 126 "-" "Apache/2.4.54 (Debian) PHP/7.4.33 (internal dummy connection)"
localhost:80 192.168.201.254 - - [20/Dec/2022:03:40:58 +0000] "GET /public/login HTTP/1.1" 200 7726 "http://192.168.201.169:8080/" "Mozilla/5.0 (X11; CrOS aarch64 13597.84.0) AppleWebKit/537.36 (KHTML, like Gecko) Chrome/104.0.5112.105 Safari/537.36"
localhost:80 192.168.201.254 - - [20/Dec/2022:03:40:58 +0000] "GET /public/?debugbar HTTP/1.1" 200 1511 "http://36.88.21.18:49156/public/login" "Mozilla/5.0 (X11; CrOS aarch64 13597.84.0) AppleWebKit/537.36 (KHTML, like Gecko) Chrome/104.0.5112.105 Safari/537.36"
localhost:80 192.168.201.254 - - [20/Dec/2022:03:40:58 +0000] "GET /public?debugbar_time=1671507658.114892 HTTP/1.1" 301 572 "http://36.88.21.18:49156/public/login" "Mozilla/5.0 (X11; CrOS aarch64 13597.84.0) AppleWebKit/537.36 (KHTML, like Gecko) Chrome/104.0.5112.105 Safari/537.36"
localhost:80 192.168.201.254 - - [20/Dec/2022:03:40:58 +0000] "GET /public/?debugbar_time=1671507658.114892 HTTP/1.1" 200 22108 "http://36.88.21.18:49156/public/login" "Mozilla/5.0 (X11; CrOS aarch64 13597.84.0) AppleWebKit/537.36 (KHTML, like Gecko) Chrome/104.0.5112.105 Safari/537.36"
localhost:80 103.154.114.130 - - [20/Dec/2022:03:41:06 +0000] "GET / HTTP/1.1" 307 594 "-" "Mozilla/5.0 (Windows NT 10.0; Win64; x64) AppleWebKit/537.36 (KHTML, like Gecko) Chrome/106.0.0.0 Safari/537.36"
localhost:80 103.154.114.130 - - [20/Dec/2022:03:41:06 +0000] "GET /public/login HTTP/1.1" 200 7871 "-" "Mozilla/5.0 (Windows NT 10.0; Win64; x64) AppleWebKit/537.36 (KHTML, like Gecko) Chrome/106.0.0.0 Safari/537.36"
localhost:80 103.154.114.130 - - [20/Dec/2022:03:41:07 +0000] "GET /public/template/node_modules/bootstrap/dist/css/bootstrap.min.css HTTP/1.1" 200 23578 "http://36.88.21.18:49156/public/login" "Mozilla/5.0 (Windows NT 10.0; Win64; x64) AppleWebKit/537.36 (KHTML, like Gecko) Chrome/106.0.0.0 Safari/537.36"
localhost:80 103.154.114.130 - - [20/Dec/2022:03:41:07 +0000] "GET /public/template/node_modules/bootstrap-social/bootstrap-social.css HTTP/1.1" 200 3572 "http://36.88.21.18:49156/public/login" "Mozilla/5.0 (Windows NT 10.0; Win64; x64) AppleWebKit/537.36 (KHTML, like Gecko) Chrome/106.0.0.0 Safari/537.36"
localhost:80 103.154.114.130 - - [20/Dec/2022:03:41:07 +0000] "GET /public/template/node_modules/@fortawesome/fontawesome-free/css/all.css HTTP/1.1" 200 13104 "http://36.88.21.18:49156/public/login" "Mozilla/5.0 (Windows NT 10.0; Win64; x64) AppleWebKit/537.36 (KHTML, like Gecko) Chrome/106.0.0.0 Safari/537.36"
localhost:80 103.154.114.130 - - [20/Dec/2022:03:41:07 +0000] "GET /public/template/node_modules/selectric/public/selectric.css HTTP/1.1" 200 1401 "http://36.88.21.18:49156/public/login" "Mozilla/5.0 (Windows NT 10.0; Win64; x64) AppleWebKit/537.36 (KHTML, like Gecko) Chrome/106.0.0.0 Safari/537.36"
localhost:80 103.154.114.130 - - [20/Dec/2022:03:41:07 +0000] "GET /public/template/assets/css/style.css HTTP/1.1" 200 36196 "http://36.88.21.18:49156/public/login" "Mozilla/5.0 (Windows NT 10.0; Win64; x64) AppleWebKit/537.36 (KHTML, like Gecko) Chrome/106.0.0.0 Safari/537.36"
localhost:80 103.154.114.130 - - [20/Dec/2022:03:41:07 +0000] "GET /public/template/assets/css/components.css HTTP/1.1" 200 131037 "http://36.88.21.18:49156/public/login" "Mozilla/5.0 (Windows NT 10.0; Win64; x64) AppleWebKit/537.36 (KHTML, like Gecko) Chrome/106.0.0.0 Safari/537.36"
localhost:80 103.154.114.130 - - [20/Dec/2022:03:41:07 +0000] "GET /public/?debugbar HTTP/1.1" 200 1511 "http://36.88.21.18:49156/public/login" "Mozilla/5.0 (Windows NT 10.0; Win64; x64) AppleWebKit/537.36 (KHTML, like Gecko) Chrome/106.0.0.0 Safari/537.36"
localhost:80 103.154.114.130 - - [20/Dec/2022:03:41:07 +0000] "GET /public/template/node_modules/jquery/dist/jquery.min.js HTTP/1.1" 200 31030 "http://36.88.21.18:49156/public/login" "Mozilla/5.0 (Windows NT 10.0; Win64; x64) AppleWebKit/537.36 (KHTML, like Gecko) Chrome/106.0.0.0 Safari/537.36"
localhost:80 103.154.114.130 - - [20/Dec/2022:03:41:07 +0000] "GET /public/template/node_modules/jquery.nicescroll/dist/jquery.nicescroll.min.js HTTP/1.1" 200 17143 "http://36.88.21.18:49156/public/login" "Mozilla/5.0 (Windows NT 10.0; Win64; x64) AppleWebKit/537.36 (KHTML, like Gecko) Chrome/106.0.0.0 Safari/537.36"
localhost:80 103.154.114.130 - - [20/Dec/2022:03:41:07 +0000] "GET /public/template/node_modules/moment/min/moment.min.js HTTP/1.1" 200 17465 "http://36.88.21.18:49156/public/login" "Mozilla/5.0 (Windows NT 10.0; Win64; x64) AppleWebKit/537.36 (KHTML, like Gecko) Chrome/106.0.0.0 Safari/537.36"
localhost:80 103.154.114.130 - - [20/Dec/2022:03:41:08 +0000] "GET /public/template/assets/js/stisla.js HTTP/1.1" 200 2796 "http://36.88.21.18:49156/public/login" "Mozilla/5.0 (Windows NT 10.0; Win64; x64) AppleWebKit/537.36 (KHTML, like Gecko) Chrome/106.0.0.0 Safari/537.36"
localhost:80 103.154.114.130 - - [20/Dec/2022:03:41:08 +0000] "GET /public/template/node_modules/jquery-pwstrength/jquery.pwstrength.min.js HTTP/1.1" 200 956 "http://36.88.21.18:49156/public/login" "Mozilla/5.0 (Windows NT 10.0; Win64; x64) AppleWebKit/537.36 (KHTML, like Gecko) Chrome/106.0.0.0 Safari/537.36"
localhost:80 103.154.114.130 - - [20/Dec/2022:03:41:08 +0000] "GET /public/template/node_modules/selectric/public/jquery.selectric.min.js HTTP/1.1" 200 5164 "http://36.88.21.18:49156/public/login" "Mozilla/5.0 (Windows NT 10.0; Win64; x64) AppleWebKit/537.36 (KHTML, like Gecko) Chrome/106.0.0.0 Safari/537.36"
localhost:80 103.154.114.130 - - [20/Dec/2022:03:41:08 +0000] "GET /public/template/assets/js/scripts.js HTTP/1.1" 200 4382 "http://36.88.21.18:49156/public/login" "Mozilla/5.0 (Windows NT 10.0; Win64; x64) AppleWebKit/537.36 (KHTML, like Gecko) Chrome/106.0.0.0 Safari/537.36"
localhost:80 103.154.114.130 - - [20/Dec/2022:03:41:08 +0000] "GET /public/template/node_modules/bootstrap/dist/js/bootstrap.min.js HTTP/1.1" 200 15789 "http://36.88.21.18:49156/public/login" "Mozilla/5.0 (Windows NT 10.0; Win64; x64) AppleWebKit/537.36 (KHTML, like Gecko) Chrome/106.0.0.0 Safari/537.36"
localhost:80 103.154.114.130 - - [20/Dec/2022:03:41:08 +0000] "GET /public/template/assets/js/custom.js HTTP/1.1" 200 490 "http://36.88.21.18:49156/public/login" "Mozilla/5.0 (Windows NT 10.0; Win64; x64) AppleWebKit/537.36 (KHTML, like Gecko) Chrome/106.0.0.0 Safari/537.36"
localhost:80 103.154.114.130 - - [20/Dec/2022:03:41:08 +0000] "GET /public/template/assets/js/page/auth-register.js HTTP/1.1" 200 340 "http://36.88.21.18:49156/public/login" "Mozilla/5.0 (Windows NT 10.0; Win64; x64) AppleWebKit/537.36 (KHTML, like Gecko) Chrome/106.0.0.0 Safari/537.36"
localhost:80 103.154.114.130 - - [20/Dec/2022:03:41:08 +0000] "GET /public/assets/logo-fk.webp HTTP/1.1" 200 19808 "http://36.88.21.18:49156/public/login" "Mozilla/5.0 (Windows NT 10.0; Win64; x64) AppleWebKit/537.36 (KHTML, like Gecko) Chrome/106.0.0.0 Safari/537.36"
localhost:80 103.154.114.130 - - [20/Dec/2022:03:41:09 +0000] "GET /public?debugbar_time=1671507666.970101 HTTP/1.1" 301 572 "http://36.88.21.18:49156/public/login" "Mozilla/5.0 (Windows NT 10.0; Win64; x64) AppleWebKit/537.36 (KHTML, like Gecko) Chrome/106.0.0.0 Safari/537.36"
localhost:80 103.154.114.130 - - [20/Dec/2022:03:41:10 +0000] "GET /favicon.ico HTTP/1.1" 404 1522 "http://36.88.21.18:49156/public/login" "Mozilla/5.0 (Windows NT 10.0; Win64; x64) AppleWebKit/537.36 (KHTML, like Gecko) Chrome/106.0.0.0 Safari/537.36"
localhost:80 103.154.114.130 - - [20/Dec/2022:03:41:10 +0000] "GET /public/?debugbar_time=1671507666.970101 HTTP/1.1" 200 21972 "http://36.88.21.18:49156/public/login" "Mozilla/5.0 (Windows NT 10.0; Win64; x64) AppleWebKit/537.36 (KHTML, like Gecko) Chrome/106.0.0.0 Safari/537.36"
localhost:80 103.154.114.130 - - [20/Dec/2022:03:41:48 +0000] "GET /favicon.ico HTTP/1.1" 404 1523 "http://36.88.21.18:49156/public/login" "Mozilla/5.0 (Windows NT 10.0; Win64; x64) AppleWebKit/537.36 (KHTML, like Gecko) Chrome/106.0.0.0 Safari/537.36"
localhost:80 103.154.114.130 - - [20/Dec/2022:03:42:10 +0000] "GET /public/login HTTP/1.1" 200 7724 "-" "Mozilla/5.0 (Windows NT 10.0; Win64; x64) AppleWebKit/537.36 (KHTML, like Gecko) Chrome/106.0.0.0 Safari/537.36"
localhost:80 103.154.114.130 - - [20/Dec/2022:03:42:10 +0000] "GET /public/?debugbar HTTP/1.1" 200 1511 "http://36.88.21.18:49156/public/login" "Mozilla/5.0 (Windows NT 10.0; Win64; x64) AppleWebKit/537.36 (KHTML, like Gecko) Chrome/106.0.0.0 Safari/537.36"
localhost:80 103.154.114.130 - - [20/Dec/2022:03:42:10 +0000] "GET /public/template/node_modules/@fortawesome/fontawesome-free/css/all.css HTTP/1.1" 200 13104 "http://36.88.21.18:49156/public/login" "Mozilla/5.0 (Windows NT 10.0; Win64; x64) AppleWebKit/537.36 (KHTML, like Gecko) Chrome/106.0.0.0 Safari/537.36"
localhost:80 103.154.114.130 - - [20/Dec/2022:03:42:10 +0000] "GET /public/template/node_modules/bootstrap/dist/css/bootstrap.min.css HTTP/1.1" 200 23578 "http://36.88.21.18:49156/public/login" "Mozilla/5.0 (Windows NT 10.0; Win64; x64) AppleWebKit/537.36 (KHTML, like Gecko) Chrome/106.0.0.0 Safari/537.36"
localhost:80 103.154.114.130 - - [20/Dec/2022:03:42:10 +0000] "GET /public/template/node_modules/bootstrap-social/bootstrap-social.css HTTP/1.1" 200 3572 "http://36.88.21.18:49156/public/login" "Mozilla/5.0 (Windows NT 10.0; Win64; x64) AppleWebKit/537.36 (KHTML, like Gecko) Chrome/106.0.0.0 Safari/537.36"
localhost:80 103.154.114.130 - - [20/Dec/2022:03:42:10 +0000] "GET /public/template/assets/css/components.css HTTP/1.1" 200 131037 "http://36.88.21.18:49156/public/login" "Mozilla/5.0 (Windows NT 10.0; Win64; x64) AppleWebKit/537.36 (KHTML, like Gecko) Chrome/106.0.0.0 Safari/537.36"
localhost:80 103.154.114.130 - - [20/Dec/2022:03:42:10 +0000] "GET /public/template/assets/css/style.css HTTP/1.1" 200 36197 "http://36.88.21.18:49156/public/login" "Mozilla/5.0 (Windows NT 10.0; Win64; x64) AppleWebKit/537.36 (KHTML, like Gecko) Chrome/106.0.0.0 Safari/537.36"
localhost:80 103.154.114.130 - - [20/Dec/2022:03:42:11 +0000] "GET /public/template/node_modules/bootstrap/dist/js/bootstrap.min.js HTTP/1.1" 200 15789 "http://36.88.21.18:49156/public/login" "Mozilla/5.0 (Windows NT 10.0; Win64; x64) AppleWebKit/537.36 (KHTML, like Gecko) Chrome/106.0.0.0 Safari/537.36"
localhost:80 103.154.114.130 - - [20/Dec/2022:03:42:11 +0000] "GET /public/template/node_modules/jquery/dist/jquery.min.js HTTP/1.1" 200 31030 "http://36.88.21.18:49156/public/login" "Mozilla/5.0 (Windows NT 10.0; Win64; x64) AppleWebKit/537.36 (KHTML, like Gecko) Chrome/106.0.0.0 Safari/537.36"
localhost:80 103.154.114.130 - - [20/Dec/2022:03:42:11 +0000] "GET /public/template/node_modules/selectric/public/selectric.css HTTP/1.1" 200 1400 "http://36.88.21.18:49156/public/login" "Mozilla/5.0 (Windows NT 10.0; Win64; x64) AppleWebKit/537.36 (KHTML, like Gecko) Chrome/106.0.0.0 Safari/537.36"
localhost:80 103.154.114.130 - - [20/Dec/2022:03:42:11 +0000] "GET /public/template/node_modules/jquery.nicescroll/dist/jquery.nicescroll.min.js HTTP/1.1" 200 17143 "http://36.88.21.18:49156/public/login" "Mozilla/5.0 (Windows NT 10.0; Win64; x64) AppleWebKit/537.36 (KHTML, like Gecko) Chrome/106.0.0.0 Safari/537.36"
localhost:80 103.154.114.130 - - [20/Dec/2022:03:42:11 +0000] "GET /public/template/node_modules/moment/min/moment.min.js HTTP/1.1" 200 17465 "http://36.88.21.18:49156/public/login" "Mozilla/5.0 (Windows NT 10.0; Win64; x64) AppleWebKit/537.36 (KHTML, like Gecko) Chrome/106.0.0.0 Safari/537.36"
localhost:80 103.154.114.130 - - [20/Dec/2022:03:42:11 +0000] "GET /public/template/assets/js/stisla.js HTTP/1.1" 200 2796 "http://36.88.21.18:49156/public/login" "Mozilla/5.0 (Windows NT 10.0; Win64; x64) AppleWebKit/537.36 (KHTML, like Gecko) Chrome/106.0.0.0 Safari/537.36"
localhost:80 103.154.114.130 - - [20/Dec/2022:03:42:11 +0000] "GET /public/template/node_modules/selectric/public/jquery.selectric.min.js HTTP/1.1" 200 5164 "http://36.88.21.18:49156/public/login" "Mozilla/5.0 (Windows NT 10.0; Win64; x64) AppleWebKit/537.36 (KHTML, like Gecko) Chrome/106.0.0.0 Safari/537.36"
localhost:80 103.154.114.130 - - [20/Dec/2022:03:42:11 +0000] "GET /public/template/node_modules/jquery-pwstrength/jquery.pwstrength.min.js HTTP/1.1" 200 956 "http://36.88.21.18:49156/public/login" "Mozilla/5.0 (Windows NT 10.0; Win64; x64) AppleWebKit/537.36 (KHTML, like Gecko) Chrome/106.0.0.0 Safari/537.36"
localhost:80 103.154.114.130 - - [20/Dec/2022:03:42:11 +0000] "GET /public/template/assets/js/scripts.js HTTP/1.1" 200 4382 "http://36.88.21.18:49156/public/login" "Mozilla/5.0 (Windows NT 10.0; Win64; x64) AppleWebKit/537.36 (KHTML, like Gecko) Chrome/106.0.0.0 Safari/537.36"
localhost:80 103.154.114.130 - - [20/Dec/2022:03:42:11 +0000] "GET /public/template/assets/js/custom.js HTTP/1.1" 200 490 "http://36.88.21.18:49156/public/login" "Mozilla/5.0 (Windows NT 10.0; Win64; x64) AppleWebKit/537.36 (KHTML, like Gecko) Chrome/106.0.0.0 Safari/537.36"
localhost:80 103.154.114.130 - - [20/Dec/2022:03:42:11 +0000] "GET /public/template/assets/js/page/auth-register.js HTTP/1.1" 304 247 "http://36.88.21.18:49156/public/login" "Mozilla/5.0 (Windows NT 10.0; Win64; x64) AppleWebKit/537.36 (KHTML, like Gecko) Chrome/106.0.0.0 Safari/537.36"
localhost:80 103.154.114.130 - - [20/Dec/2022:03:42:12 +0000] "GET /public?debugbar_time=1671507730.613477 HTTP/1.1" 301 572 "http://36.88.21.18:49156/public/login" "Mozilla/5.0 (Windows NT 10.0; Win64; x64) AppleWebKit/537.36 (KHTML, like Gecko) Chrome/106.0.0.0 Safari/537.36"
localhost:80 103.154.114.130 - - [20/Dec/2022:03:42:12 +0000] "GET /public/?debugbar_time=1671507730.613477 HTTP/1.1" 200 22049 "http://36.88.21.18:49156/public/login" "Mozilla/5.0 (Windows NT 10.0; Win64; x64) AppleWebKit/537.36 (KHTML, like Gecko) Chrome/106.0.0.0 Safari/537.36"
localhost:80 127.0.0.1 - - [20/Dec/2022:03:42:14 +0000] "OPTIONS * HTTP/1.0" 200 126 "-" "Apache/2.4.54 (Debian) PHP/7.4.33 (internal dummy connection)"
localhost:80 103.154.114.130 - - [20/Dec/2022:03:42:18 +0000] "-" 408 0 "-" "-"
localhost:80 103.154.114.130 - - [20/Dec/2022:03:42:18 +0000] "-" 408 0 "-" "-"
localhost:80 127.0.0.1 - - [20/Dec/2022:03:42:20 +0000] "OPTIONS * HTTP/1.0" 200 126 "-" "Apache/2.4.54 (Debian) PHP/7.4.33 (internal dummy connection)"
localhost:80 127.0.0.1 - - [20/Dec/2022:03:42:21 +0000] "OPTIONS * HTTP/1.0" 200 126 "-" "Apache/2.4.54 (Debian) PHP/7.4.33 (internal dummy connection)"
localhost:80 103.154.114.130 - - [20/Dec/2022:03:43:16 +0000] "POST /login HTTP/1.1" 303 22626 "http://36.88.21.18:49156/public/login" "Mozilla/5.0 (Windows NT 10.0; Win64; x64) AppleWebKit/537.36 (KHTML, like Gecko) Chrome/106.0.0.0 Safari/537.36"
localhost:80 103.154.114.130 - - [20/Dec/2022:03:43:16 +0000] "GET /public/login HTTP/1.1" 200 7774 "http://36.88.21.18:49156/public/login" "Mozilla/5.0 (Windows NT 10.0; Win64; x64) AppleWebKit/537.36 (KHTML, like Gecko) Chrome/106.0.0.0 Safari/537.36"
localhost:80 103.154.114.130 - - [20/Dec/2022:03:43:16 +0000] "GET /public/template/node_modules/bootstrap/dist/css/bootstrap.min.css HTTP/1.1" 200 23578 "http://36.88.21.18:49156/public/login" "Mozilla/5.0 (Windows NT 10.0; Win64; x64) AppleWebKit/537.36 (KHTML, like Gecko) Chrome/106.0.0.0 Safari/537.36"
localhost:80 103.154.114.130 - - [20/Dec/2022:03:43:16 +0000] "GET /public/template/node_modules/@fortawesome/fontawesome-free/css/all.css HTTP/1.1" 200 13104 "http://36.88.21.18:49156/public/login" "Mozilla/5.0 (Windows NT 10.0; Win64; x64) AppleWebKit/537.36 (KHTML, like Gecko) Chrome/106.0.0.0 Safari/537.36"
localhost:80 103.154.114.130 - - [20/Dec/2022:03:43:16 +0000] "GET /public/template/node_modules/bootstrap-social/bootstrap-social.css HTTP/1.1" 200 3572 "http://36.88.21.18:49156/public/login" "Mozilla/5.0 (Windows NT 10.0; Win64; x64) AppleWebKit/537.36 (KHTML, like Gecko) Chrome/106.0.0.0 Safari/537.36"
localhost:80 103.154.114.130 - - [20/Dec/2022:03:43:17 +0000] "GET /public/template/node_modules/selectric/public/selectric.css HTTP/1.1" 200 1401 "http://36.88.21.18:49156/public/login" "Mozilla/5.0 (Windows NT 10.0; Win64; x64) AppleWebKit/537.36 (KHTML, like Gecko) Chrome/106.0.0.0 Safari/537.36"
localhost:80 103.154.114.130 - - [20/Dec/2022:03:43:17 +0000] "GET /public/template/assets/css/style.css HTTP/1.1" 200 36196 "http://36.88.21.18:49156/public/login" "Mozilla/5.0 (Windows NT 10.0; Win64; x64) AppleWebKit/537.36 (KHTML, like Gecko) Chrome/106.0.0.0 Safari/537.36"
localhost:80 103.154.114.130 - - [20/Dec/2022:03:43:17 +0000] "GET /public/template/assets/css/components.css HTTP/1.1" 200 131037 "http://36.88.21.18:49156/public/login" "Mozilla/5.0 (Windows NT 10.0; Win64; x64) AppleWebKit/537.36 (KHTML, like Gecko) Chrome/106.0.0.0 Safari/537.36"
localhost:80 103.154.114.130 - - [20/Dec/2022:03:43:17 +0000] "GET /public/?debugbar HTTP/1.1" 200 1511 "http://36.88.21.18:49156/public/login" "Mozilla/5.0 (Windows NT 10.0; Win64; x64) AppleWebKit/537.36 (KHTML, like Gecko) Chrome/106.0.0.0 Safari/537.36"
localhost:80 103.154.114.130 - - [20/Dec/2022:03:43:17 +0000] "GET /public/template/node_modules/jquery/dist/jquery.min.js HTTP/1.1" 200 31030 "http://36.88.21.18:49156/public/login" "Mozilla/5.0 (Windows NT 10.0; Win64; x64) AppleWebKit/537.36 (KHTML, like Gecko) Chrome/106.0.0.0 Safari/537.36"
localhost:80 103.154.114.130 - - [20/Dec/2022:03:43:17 +0000] "GET /public/template/node_modules/jquery.nicescroll/dist/jquery.nicescroll.min.js HTTP/1.1" 200 17143 "http://36.88.21.18:49156/public/login" "Mozilla/5.0 (Windows NT 10.0; Win64; x64) AppleWebKit/537.36 (KHTML, like Gecko) Chrome/106.0.0.0 Safari/537.36"
localhost:80 103.154.114.130 - - [20/Dec/2022:03:43:17 +0000] "GET /public/template/node_modules/moment/min/moment.min.js HTTP/1.1" 200 17465 "http://36.88.21.18:49156/public/login" "Mozilla/5.0 (Windows NT 10.0; Win64; x64) AppleWebKit/537.36 (KHTML, like Gecko) Chrome/106.0.0.0 Safari/537.36"
localhost:80 103.154.114.130 - - [20/Dec/2022:03:43:17 +0000] "GET /public/template/node_modules/bootstrap/dist/js/bootstrap.min.js HTTP/1.1" 200 15789 "http://36.88.21.18:49156/public/login" "Mozilla/5.0 (Windows NT 10.0; Win64; x64) AppleWebKit/537.36 (KHTML, like Gecko) Chrome/106.0.0.0 Safari/537.36"
localhost:80 103.154.114.130 - - [20/Dec/2022:03:43:17 +0000] "GET /public/template/assets/js/stisla.js HTTP/1.1" 200 2796 "http://36.88.21.18:49156/public/login" "Mozilla/5.0 (Windows NT 10.0; Win64; x64) AppleWebKit/537.36 (KHTML, like Gecko) Chrome/106.0.0.0 Safari/537.36"
localhost:80 103.154.114.130 - - [20/Dec/2022:03:43:17 +0000] "GET /public/template/node_modules/jquery-pwstrength/jquery.pwstrength.min.js HTTP/1.1" 200 956 "http://36.88.21.18:49156/public/login" "Mozilla/5.0 (Windows NT 10.0; Win64; x64) AppleWebKit/537.36 (KHTML, like Gecko) Chrome/106.0.0.0 Safari/537.36"
localhost:80 103.154.114.130 - - [20/Dec/2022:03:43:17 +0000] "GET /public/template/node_modules/selectric/public/jquery.selectric.min.js HTTP/1.1" 200 5164 "http://36.88.21.18:49156/public/login" "Mozilla/5.0 (Windows NT 10.0; Win64; x64) AppleWebKit/537.36 (KHTML, like Gecko) Chrome/106.0.0.0 Safari/537.36"
localhost:80 103.154.114.130 - - [20/Dec/2022:03:43:17 +0000] "GET /public/template/assets/js/custom.js HTTP/1.1" 200 490 "http://36.88.21.18:49156/public/login" "Mozilla/5.0 (Windows NT 10.0; Win64; x64) AppleWebKit/537.36 (KHTML, like Gecko) Chrome/106.0.0.0 Safari/537.36"
localhost:80 103.154.114.130 - - [20/Dec/2022:03:43:17 +0000] "GET /public/template/assets/js/scripts.js HTTP/1.1" 200 4382 "http://36.88.21.18:49156/public/login" "Mozilla/5.0 (Windows NT 10.0; Win64; x64) AppleWebKit/537.36 (KHTML, like Gecko) Chrome/106.0.0.0 Safari/537.36"
localhost:80 103.154.114.130 - - [20/Dec/2022:03:43:17 +0000] "GET /public/template/assets/js/page/auth-register.js HTTP/1.1" 304 247 "http://36.88.21.18:49156/public/login" "Mozilla/5.0 (Windows NT 10.0; Win64; x64) AppleWebKit/537.36 (KHTML, like Gecko) Chrome/106.0.0.0 Safari/537.36"
localhost:80 103.154.114.130 - - [20/Dec/2022:03:43:17 +0000] "GET /public?debugbar_time=1671507796.689473 HTTP/1.1" 301 572 "http://36.88.21.18:49156/public/login" "Mozilla/5.0 (Windows NT 10.0; Win64; x64) AppleWebKit/537.36 (KHTML, like Gecko) Chrome/106.0.0.0 Safari/537.36"
localhost:80 103.154.114.130 - - [20/Dec/2022:03:43:18 +0000] "GET /public/?debugbar_time=1671507796.689473 HTTP/1.1" 200 22211 "http://36.88.21.18:49156/public/login" "Mozilla/5.0 (Windows NT 10.0; Win64; x64) AppleWebKit/537.36 (KHTML, like Gecko) Chrome/106.0.0.0 Safari/537.36"
localhost:80 192.168.201.254 - - [20/Dec/2022:03:44:18 +0000] "GET /login HTTP/1.1" 200 8013 "-" "Mozilla/5.0 (Macintosh; Intel Mac OS X 10_15_7) AppleWebKit/537.36 (KHTML, like Gecko) Chrome/108.0.0.0 Safari/537.36"
localhost:80 192.168.201.254 - - [20/Dec/2022:03:44:19 +0000] "GET /public/template/node_modules/bootstrap/dist/css/bootstrap.min.css HTTP/1.1" 200 23578 "http://36.88.21.18:49156/login" "Mozilla/5.0 (Macintosh; Intel Mac OS X 10_15_7) AppleWebKit/537.36 (KHTML, like Gecko) Chrome/108.0.0.0 Safari/537.36"
localhost:80 192.168.201.254 - - [20/Dec/2022:03:44:19 +0000] "GET /public/template/node_modules/selectric/public/selectric.css HTTP/1.1" 200 1401 "http://36.88.21.18:49156/login" "Mozilla/5.0 (Macintosh; Intel Mac OS X 10_15_7) AppleWebKit/537.36 (KHTML, like Gecko) Chrome/108.0.0.0 Safari/537.36"
localhost:80 192.168.201.254 - - [20/Dec/2022:03:44:19 +0000] "GET /public/template/node_modules/bootstrap-social/bootstrap-social.css HTTP/1.1" 200 3572 "http://36.88.21.18:49156/login" "Mozilla/5.0 (Macintosh; Intel Mac OS X 10_15_7) AppleWebKit/537.36 (KHTML, like Gecko) Chrome/108.0.0.0 Safari/537.36"
localhost:80 192.168.201.254 - - [20/Dec/2022:03:44:19 +0000] "GET /public/template/node_modules/@fortawesome/fontawesome-free/css/all.css HTTP/1.1" 200 13104 "http://36.88.21.18:49156/login" "Mozilla/5.0 (Macintosh; Intel Mac OS X 10_15_7) AppleWebKit/537.36 (KHTML, like Gecko) Chrome/108.0.0.0 Safari/537.36"
localhost:80 192.168.201.254 - - [20/Dec/2022:03:44:19 +0000] "GET /public/template/assets/css/style.css HTTP/1.1" 200 36197 "http://36.88.21.18:49156/login" "Mozilla/5.0 (Macintosh; Intel Mac OS X 10_15_7) AppleWebKit/537.36 (KHTML, like Gecko) Chrome/108.0.0.0 Safari/537.36"
localhost:80 192.168.201.254 - - [20/Dec/2022:03:44:19 +0000] "GET /public/?debugbar HTTP/1.1" 200 1511 "http://36.88.21.18:49156/login" "Mozilla/5.0 (Macintosh; Intel Mac OS X 10_15_7) AppleWebKit/537.36 (KHTML, like Gecko) Chrome/108.0.0.0 Safari/537.36"
localhost:80 192.168.201.254 - - [20/Dec/2022:03:44:19 +0000] "GET /public/template/assets/css/components.css HTTP/1.1" 200 131037 "http://36.88.21.18:49156/login" "Mozilla/5.0 (Macintosh; Intel Mac OS X 10_15_7) AppleWebKit/537.36 (KHTML, like Gecko) Chrome/108.0.0.0 Safari/537.36"
localhost:80 192.168.201.254 - - [20/Dec/2022:03:44:19 +0000] "GET /public/template/node_modules/bootstrap/dist/js/bootstrap.min.js HTTP/1.1" 200 15789 "http://36.88.21.18:49156/login" "Mozilla/5.0 (Macintosh; Intel Mac OS X 10_15_7) AppleWebKit/537.36 (KHTML, like Gecko) Chrome/108.0.0.0 Safari/537.36"
localhost:80 192.168.201.254 - - [20/Dec/2022:03:44:19 +0000] "GET /public/template/node_modules/jquery/dist/jquery.min.js HTTP/1.1" 200 31030 "http://36.88.21.18:49156/login" "Mozilla/5.0 (Macintosh; Intel Mac OS X 10_15_7) AppleWebKit/537.36 (KHTML, like Gecko) Chrome/108.0.0.0 Safari/537.36"
localhost:80 192.168.201.254 - - [20/Dec/2022:03:44:19 +0000] "GET /public/template/node_modules/jquery-pwstrength/jquery.pwstrength.min.js HTTP/1.1" 200 956 "http://36.88.21.18:49156/login" "Mozilla/5.0 (Macintosh; Intel Mac OS X 10_15_7) AppleWebKit/537.36 (KHTML, like Gecko) Chrome/108.0.0.0 Safari/537.36"
localhost:80 192.168.201.254 - - [20/Dec/2022:03:44:19 +0000] "GET /public/template/assets/js/stisla.js HTTP/1.1" 200 2796 "http://36.88.21.18:49156/login" "Mozilla/5.0 (Macintosh; Intel Mac OS X 10_15_7) AppleWebKit/537.36 (KHTML, like Gecko) Chrome/108.0.0.0 Safari/537.36"
localhost:80 192.168.201.254 - - [20/Dec/2022:03:44:19 +0000] "GET /public/template/node_modules/selectric/public/jquery.selectric.min.js HTTP/1.1" 200 5164 "http://36.88.21.18:49156/login" "Mozilla/5.0 (Macintosh; Intel Mac OS X 10_15_7) AppleWebKit/537.36 (KHTML, like Gecko) Chrome/108.0.0.0 Safari/537.36"
localhost:80 192.168.201.254 - - [20/Dec/2022:03:44:19 +0000] "GET /public/template/node_modules/moment/min/moment.min.js HTTP/1.1" 200 17465 "http://36.88.21.18:49156/login" "Mozilla/5.0 (Macintosh; Intel Mac OS X 10_15_7) AppleWebKit/537.36 (KHTML, like Gecko) Chrome/108.0.0.0 Safari/537.36"
localhost:80 192.168.201.254 - - [20/Dec/2022:03:44:19 +0000] "GET /public/template/node_modules/jquery.nicescroll/dist/jquery.nicescroll.min.js HTTP/1.1" 200 17143 "http://36.88.21.18:49156/login" "Mozilla/5.0 (Macintosh; Intel Mac OS X 10_15_7) AppleWebKit/537.36 (KHTML, like Gecko) Chrome/108.0.0.0 Safari/537.36"
localhost:80 192.168.201.254 - - [20/Dec/2022:03:44:19 +0000] "GET /public/template/assets/js/scripts.js HTTP/1.1" 200 4382 "http://36.88.21.18:49156/login" "Mozilla/5.0 (Macintosh; Intel Mac OS X 10_15_7) AppleWebKit/537.36 (KHTML, like Gecko) Chrome/108.0.0.0 Safari/537.36"
localhost:80 192.168.201.254 - - [20/Dec/2022:03:44:19 +0000] "GET /public/assets/logo-fk.webp HTTP/1.1" 200 19808 "http://36.88.21.18:49156/login" "Mozilla/5.0 (Macintosh; Intel Mac OS X 10_15_7) AppleWebKit/537.36 (KHTML, like Gecko) Chrome/108.0.0.0 Safari/537.36"
localhost:80 192.168.201.254 - - [20/Dec/2022:03:44:19 +0000] "GET /public/template/assets/js/custom.js HTTP/1.1" 200 490 "http://36.88.21.18:49156/login" "Mozilla/5.0 (Macintosh; Intel Mac OS X 10_15_7) AppleWebKit/537.36 (KHTML, like Gecko) Chrome/108.0.0.0 Safari/537.36"
localhost:80 192.168.201.254 - - [20/Dec/2022:03:44:19 +0000] "GET /public/template/assets/js/page/auth-register.js HTTP/1.1" 200 340 "http://36.88.21.18:49156/login" "Mozilla/5.0 (Macintosh; Intel Mac OS X 10_15_7) AppleWebKit/537.36 (KHTML, like Gecko) Chrome/108.0.0.0 Safari/537.36"
localhost:80 192.168.201.254 - - [20/Dec/2022:03:44:19 +0000] "GET /public?debugbar_time=1671507858.945246 HTTP/1.1" 301 572 "http://36.88.21.18:49156/login" "Mozilla/5.0 (Macintosh; Intel Mac OS X 10_15_7) AppleWebKit/537.36 (KHTML, like Gecko) Chrome/108.0.0.0 Safari/537.36"
localhost:80 192.168.201.254 - - [20/Dec/2022:03:44:19 +0000] "GET /public/?debugbar_time=1671507858.945246 HTTP/1.1" 200 22150 "http://36.88.21.18:49156/login" "Mozilla/5.0 (Macintosh; Intel Mac OS X 10_15_7) AppleWebKit/537.36 (KHTML, like Gecko) Chrome/108.0.0.0 Safari/537.36"
localhost:80 192.168.201.254 - - [20/Dec/2022:03:44:19 +0000] "GET /favicon.ico HTTP/1.1" 404 1522 "http://36.88.21.18:49156/login" "Mozilla/5.0 (Macintosh; Intel Mac OS X 10_15_7) AppleWebKit/537.36 (KHTML, like Gecko) Chrome/108.0.0.0 Safari/537.36"
localhost:80 103.154.114.130 - - [20/Dec/2022:03:44:20 +0000] "POST /login HTTP/1.1" 303 22626 "http://36.88.21.18:49156/public/login" "Mozilla/5.0 (Windows NT 10.0; Win64; x64) AppleWebKit/537.36 (KHTML, like Gecko) Chrome/106.0.0.0 Safari/537.36"
localhost:80 103.154.114.130 - - [20/Dec/2022:03:44:20 +0000] "GET /public/login HTTP/1.1" 200 7774 "http://36.88.21.18:49156/public/login" "Mozilla/5.0 (Windows NT 10.0; Win64; x64) AppleWebKit/537.36 (KHTML, like Gecko) Chrome/106.0.0.0 Safari/537.36"
localhost:80 103.154.114.130 - - [20/Dec/2022:03:44:21 +0000] "GET /public/?debugbar HTTP/1.1" 200 1511 "http://36.88.21.18:49156/public/login" "Mozilla/5.0 (Windows NT 10.0; Win64; x64) AppleWebKit/537.36 (KHTML, like Gecko) Chrome/106.0.0.0 Safari/537.36"
localhost:80 103.154.114.130 - - [20/Dec/2022:03:44:21 +0000] "GET /public/template/node_modules/@fortawesome/fontawesome-free/css/all.css HTTP/1.1" 200 13104 "http://36.88.21.18:49156/public/login" "Mozilla/5.0 (Windows NT 10.0; Win64; x64) AppleWebKit/537.36 (KHTML, like Gecko) Chrome/106.0.0.0 Safari/537.36"
localhost:80 103.154.114.130 - - [20/Dec/2022:03:44:21 +0000] "GET /public/template/node_modules/bootstrap-social/bootstrap-social.css HTTP/1.1" 200 3572 "http://36.88.21.18:49156/public/login" "Mozilla/5.0 (Windows NT 10.0; Win64; x64) AppleWebKit/537.36 (KHTML, like Gecko) Chrome/106.0.0.0 Safari/537.36"
localhost:80 103.154.114.130 - - [20/Dec/2022:03:44:21 +0000] "GET /public/template/assets/css/style.css HTTP/1.1" 200 36197 "http://36.88.21.18:49156/public/login" "Mozilla/5.0 (Windows NT 10.0; Win64; x64) AppleWebKit/537.36 (KHTML, like Gecko) Chrome/106.0.0.0 Safari/537.36"
localhost:80 103.154.114.130 - - [20/Dec/2022:03:44:21 +0000] "GET /public/template/node_modules/bootstrap/dist/js/bootstrap.min.js HTTP/1.1" 200 15789 "http://36.88.21.18:49156/public/login" "Mozilla/5.0 (Windows NT 10.0; Win64; x64) AppleWebKit/537.36 (KHTML, like Gecko) Chrome/106.0.0.0 Safari/537.36"
localhost:80 103.154.114.130 - - [20/Dec/2022:03:44:21 +0000] "GET /public/template/assets/css/components.css HTTP/1.1" 200 131037 "http://36.88.21.18:49156/public/login" "Mozilla/5.0 (Windows NT 10.0; Win64; x64) AppleWebKit/537.36 (KHTML, like Gecko) Chrome/106.0.0.0 Safari/537.36"
localhost:80 103.154.114.130 - - [20/Dec/2022:03:44:21 +0000] "GET /public/template/node_modules/jquery/dist/jquery.min.js HTTP/1.1" 200 31030 "http://36.88.21.18:49156/public/login" "Mozilla/5.0 (Windows NT 10.0; Win64; x64) AppleWebKit/537.36 (KHTML, like Gecko) Chrome/106.0.0.0 Safari/537.36"
localhost:80 103.154.114.130 - - [20/Dec/2022:03:44:21 +0000] "GET /public/template/node_modules/bootstrap/dist/css/bootstrap.min.css HTTP/1.1" 200 23578 "http://36.88.21.18:49156/public/login" "Mozilla/5.0 (Windows NT 10.0; Win64; x64) AppleWebKit/537.36 (KHTML, like Gecko) Chrome/106.0.0.0 Safari/537.36"
localhost:80 103.154.114.130 - - [20/Dec/2022:03:44:21 +0000] "GET /public/template/node_modules/selectric/public/selectric.css HTTP/1.1" 200 1401 "http://36.88.21.18:49156/public/login" "Mozilla/5.0 (Windows NT 10.0; Win64; x64) AppleWebKit/537.36 (KHTML, like Gecko) Chrome/106.0.0.0 Safari/537.36"
localhost:80 103.154.114.130 - - [20/Dec/2022:03:44:21 +0000] "GET /public/template/node_modules/jquery.nicescroll/dist/jquery.nicescroll.min.js HTTP/1.1" 200 17143 "http://36.88.21.18:49156/public/login" "Mozilla/5.0 (Windows NT 10.0; Win64; x64) AppleWebKit/537.36 (KHTML, like Gecko) Chrome/106.0.0.0 Safari/537.36"
localhost:80 103.154.114.130 - - [20/Dec/2022:03:44:21 +0000] "GET /public/template/assets/js/stisla.js HTTP/1.1" 200 2796 "http://36.88.21.18:49156/public/login" "Mozilla/5.0 (Windows NT 10.0; Win64; x64) AppleWebKit/537.36 (KHTML, like Gecko) Chrome/106.0.0.0 Safari/537.36"
localhost:80 103.154.114.130 - - [20/Dec/2022:03:44:21 +0000] "GET /public/template/node_modules/jquery-pwstrength/jquery.pwstrength.min.js HTTP/1.1" 200 956 "http://36.88.21.18:49156/public/login" "Mozilla/5.0 (Windows NT 10.0; Win64; x64) AppleWebKit/537.36 (KHTML, like Gecko) Chrome/106.0.0.0 Safari/537.36"
localhost:80 103.154.114.130 - - [20/Dec/2022:03:44:21 +0000] "GET /public/template/node_modules/selectric/public/jquery.selectric.min.js HTTP/1.1" 200 5164 "http://36.88.21.18:49156/public/login" "Mozilla/5.0 (Windows NT 10.0; Win64; x64) AppleWebKit/537.36 (KHTML, like Gecko) Chrome/106.0.0.0 Safari/537.36"
localhost:80 103.154.114.130 - - [20/Dec/2022:03:44:21 +0000] "GET /public/template/assets/js/scripts.js HTTP/1.1" 200 4382 "http://36.88.21.18:49156/public/login" "Mozilla/5.0 (Windows NT 10.0; Win64; x64) AppleWebKit/537.36 (KHTML, like Gecko) Chrome/106.0.0.0 Safari/537.36"
localhost:80 103.154.114.130 - - [20/Dec/2022:03:44:22 +0000] "GET /public/template/node_modules/moment/min/moment.min.js HTTP/1.1" 200 17465 "http://36.88.21.18:49156/public/login" "Mozilla/5.0 (Windows NT 10.0; Win64; x64) AppleWebKit/537.36 (KHTML, like Gecko) Chrome/106.0.0.0 Safari/537.36"
localhost:80 103.154.114.130 - - [20/Dec/2022:03:44:22 +0000] "GET /public/template/assets/js/custom.js HTTP/1.1" 200 490 "http://36.88.21.18:49156/public/login" "Mozilla/5.0 (Windows NT 10.0; Win64; x64) AppleWebKit/537.36 (KHTML, like Gecko) Chrome/106.0.0.0 Safari/537.36"
localhost:80 103.154.114.130 - - [20/Dec/2022:03:44:22 +0000] "GET /public/template/assets/js/page/auth-register.js HTTP/1.1" 304 247 "http://36.88.21.18:49156/public/login" "Mozilla/5.0 (Windows NT 10.0; Win64; x64) AppleWebKit/537.36 (KHTML, like Gecko) Chrome/106.0.0.0 Safari/537.36"
localhost:80 103.154.114.130 - - [20/Dec/2022:03:44:22 +0000] "GET /public?debugbar_time=1671507861.032687 HTTP/1.1" 301 572 "http://36.88.21.18:49156/public/login" "Mozilla/5.0 (Windows NT 10.0; Win64; x64) AppleWebKit/537.36 (KHTML, like Gecko) Chrome/106.0.0.0 Safari/537.36"
localhost:80 103.154.114.130 - - [20/Dec/2022:03:44:22 +0000] "GET /public/?debugbar_time=1671507861.032687 HTTP/1.1" 200 22256 "http://36.88.21.18:49156/public/login" "Mozilla/5.0 (Windows NT 10.0; Win64; x64) AppleWebKit/537.36 (KHTML, like Gecko) Chrome/106.0.0.0 Safari/537.36"
localhost:80 127.0.0.1 - - [20/Dec/2022:03:44:26 +0000] "OPTIONS * HTTP/1.0" 200 126 "-" "Apache/2.4.54 (Debian) PHP/7.4.33 (internal dummy connection)"
localhost:80 192.168.201.254 - - [20/Dec/2022:03:44:27 +0000] "GET / HTTP/1.1" 307 452 "-" "Mozilla/5.0 (Macintosh; Intel Mac OS X 10_15_7) AppleWebKit/537.36 (KHTML, like Gecko) Chrome/108.0.0.0 Safari/537.36"
localhost:80 192.168.201.254 - - [20/Dec/2022:03:44:27 +0000] "GET /public/login HTTP/1.1" 200 7724 "-" "Mozilla/5.0 (Macintosh; Intel Mac OS X 10_15_7) AppleWebKit/537.36 (KHTML, like Gecko) Chrome/108.0.0.0 Safari/537.36"
localhost:80 192.168.201.254 - - [20/Dec/2022:03:44:27 +0000] "GET /public/?debugbar HTTP/1.1" 200 1511 "http://36.88.21.18:49156/public/login" "Mozilla/5.0 (Macintosh; Intel Mac OS X 10_15_7) AppleWebKit/537.36 (KHTML, like Gecko) Chrome/108.0.0.0 Safari/537.36"
localhost:80 192.168.201.254 - - [20/Dec/2022:03:44:27 +0000] "GET /public?debugbar_time=1671507867.306841 HTTP/1.1" 301 572 "http://36.88.21.18:49156/public/login" "Mozilla/5.0 (Macintosh; Intel Mac OS X 10_15_7) AppleWebKit/537.36 (KHTML, like Gecko) Chrome/108.0.0.0 Safari/537.36"
localhost:80 127.0.0.1 - - [20/Dec/2022:03:44:27 +0000] "OPTIONS * HTTP/1.0" 200 126 "-" "Apache/2.4.54 (Debian) PHP/7.4.33 (internal dummy connection)"
localhost:80 192.168.201.254 - - [20/Dec/2022:03:44:27 +0000] "GET /public/?debugbar_time=1671507867.306841 HTTP/1.1" 200 22250 "http://36.88.21.18:49156/public/login" "Mozilla/5.0 (Macintosh; Intel Mac OS X 10_15_7) AppleWebKit/537.36 (KHTML, like Gecko) Chrome/108.0.0.0 Safari/537.36"
localhost:80 127.0.0.1 - - [20/Dec/2022:03:44:28 +0000] "OPTIONS * HTTP/1.0" 200 126 "-" "Apache/2.4.54 (Debian) PHP/7.4.33 (internal dummy connection)"
localhost:80 150.129.59.5 - - [20/Dec/2022:03:44:28 +0000] "GET / HTTP/1.1" 307 557 "https://www.google.com/" "Mozilla/5.0 (Macintosh; Intel Mac OS X 10_15_7) AppleWebKit/537.36 (KHTML, like Gecko) Chrome/88.0.4324.150 Safari/537.36"
localhost:80 127.0.0.1 - - [20/Dec/2022:03:44:29 +0000] "OPTIONS * HTTP/1.0" 200 126 "-" "Apache/2.4.54 (Debian) PHP/7.4.33 (internal dummy connection)"
localhost:80 150.129.59.5 - - [20/Dec/2022:03:44:29 +0000] "GET /public/login HTTP/1.1" 200 7837 "https://www.google.com/" "Mozilla/5.0 (Macintosh; Intel Mac OS X 10_15_7) AppleWebKit/537.36 (KHTML, like Gecko) Chrome/88.0.4324.150 Safari/537.36"
localhost:80 127.0.0.1 - - [20/Dec/2022:03:44:30 +0000] "OPTIONS * HTTP/1.0" 200 126 "-" "Apache/2.4.54 (Debian) PHP/7.4.33 (internal dummy connection)"
localhost:80 150.129.59.5 - - [20/Dec/2022:03:44:30 +0000] "GET /public/template/node_modules/selectric/public/selectric.css HTTP/1.1" 200 1364 "http://36.88.21.18:49156/public/login" "Mozilla/5.0 (Macintosh; Intel Mac OS X 10_15_7) AppleWebKit/537.36 (KHTML, like Gecko) Chrome/88.0.4324.150 Safari/537.36"
localhost:80 150.129.59.5 - - [20/Dec/2022:03:44:30 +0000] "GET /public/template/node_modules/bootstrap-social/bootstrap-social.css HTTP/1.1" 200 3535 "http://36.88.21.18:49156/public/login" "Mozilla/5.0 (Macintosh; Intel Mac OS X 10_15_7) AppleWebKit/537.36 (KHTML, like Gecko) Chrome/88.0.4324.150 Safari/537.36"
localhost:80 150.129.59.5 - - [20/Dec/2022:03:44:30 +0000] "GET /public/template/node_modules/@fortawesome/fontawesome-free/css/all.css HTTP/1.1" 200 13067 "http://36.88.21.18:49156/public/login" "Mozilla/5.0 (Macintosh; Intel Mac OS X 10_15_7) AppleWebKit/537.36 (KHTML, like Gecko) Chrome/88.0.4324.150 Safari/537.36"
localhost:80 150.129.59.5 - - [20/Dec/2022:03:44:30 +0000] "GET /public/template/node_modules/bootstrap/dist/css/bootstrap.min.css HTTP/1.1" 200 23541 "http://36.88.21.18:49156/public/login" "Mozilla/5.0 (Macintosh; Intel Mac OS X 10_15_7) AppleWebKit/537.36 (KHTML, like Gecko) Chrome/88.0.4324.150 Safari/537.36"
localhost:80 150.129.59.5 - - [20/Dec/2022:03:44:30 +0000] "GET /public/template/assets/css/style.css HTTP/1.1" 200 36160 "http://36.88.21.18:49156/public/login" "Mozilla/5.0 (Macintosh; Intel Mac OS X 10_15_7) AppleWebKit/537.36 (KHTML, like Gecko) Chrome/88.0.4324.150 Safari/537.36"
localhost:80 150.129.59.5 - - [20/Dec/2022:03:44:30 +0000] "GET /public/?debugbar HTTP/1.1" 200 1475 "http://36.88.21.18:49156/public/login" "Mozilla/5.0 (Macintosh; Intel Mac OS X 10_15_7) AppleWebKit/537.36 (KHTML, like Gecko) Chrome/88.0.4324.150 Safari/537.36"
localhost:80 127.0.0.1 - - [20/Dec/2022:03:44:31 +0000] "OPTIONS * HTTP/1.0" 200 126 "-" "Apache/2.4.54 (Debian) PHP/7.4.33 (internal dummy connection)"
localhost:80 150.129.59.5 - - [20/Dec/2022:03:44:31 +0000] "GET /public/template/assets/css/components.css HTTP/1.1" 200 131001 "http://36.88.21.18:49156/public/login" "Mozilla/5.0 (Macintosh; Intel Mac OS X 10_15_7) AppleWebKit/537.36 (KHTML, like Gecko) Chrome/88.0.4324.150 Safari/537.36"
localhost:80 150.129.59.5 - - [20/Dec/2022:03:44:31 +0000] "GET /public/template/node_modules/jquery/dist/jquery.min.js HTTP/1.1" 200 30994 "http://36.88.21.18:49156/public/login" "Mozilla/5.0 (Macintosh; Intel Mac OS X 10_15_7) AppleWebKit/537.36 (KHTML, like Gecko) Chrome/88.0.4324.150 Safari/537.36"
localhost:80 127.0.0.1 - - [20/Dec/2022:03:44:32 +0000] "OPTIONS * HTTP/1.0" 200 126 "-" "Apache/2.4.54 (Debian) PHP/7.4.33 (internal dummy connection)"
localhost:80 150.129.59.5 - - [20/Dec/2022:03:44:32 +0000] "GET /public/template/node_modules/jquery.nicescroll/dist/jquery.nicescroll.min.js HTTP/1.1" 200 17107 "http://36.88.21.18:49156/public/login" "Mozilla/5.0 (Macintosh; Intel Mac OS X 10_15_7) AppleWebKit/537.36 (KHTML, like Gecko) Chrome/88.0.4324.150 Safari/537.36"
localhost:80 150.129.59.5 - - [20/Dec/2022:03:44:32 +0000] "GET /public/template/node_modules/bootstrap/dist/js/bootstrap.min.js HTTP/1.1" 200 15753 "http://36.88.21.18:49156/public/login" "Mozilla/5.0 (Macintosh; Intel Mac OS X 10_15_7) AppleWebKit/537.36 (KHTML, like Gecko) Chrome/88.0.4324.150 Safari/537.36"
localhost:80 150.129.59.5 - - [20/Dec/2022:03:44:33 +0000] "GET /public/template/node_modules/moment/min/moment.min.js HTTP/1.1" 200 17429 "http://36.88.21.18:49156/public/login" "Mozilla/5.0 (Macintosh; Intel Mac OS X 10_15_7) AppleWebKit/537.36 (KHTML, like Gecko) Chrome/88.0.4324.150 Safari/537.36"
localhost:80 150.129.59.5 - - [20/Dec/2022:03:44:33 +0000] "GET /public/template/assets/js/stisla.js HTTP/1.1" 200 2760 "http://36.88.21.18:49156/public/login" "Mozilla/5.0 (Macintosh; Intel Mac OS X 10_15_7) AppleWebKit/537.36 (KHTML, like Gecko) Chrome/88.0.4324.150 Safari/537.36"
localhost:80 150.129.59.5 - - [20/Dec/2022:03:44:34 +0000] "GET /public/template/node_modules/jquery-pwstrength/jquery.pwstrength.min.js HTTP/1.1" 200 920 "http://36.88.21.18:49156/public/login" "Mozilla/5.0 (Macintosh; Intel Mac OS X 10_15_7) AppleWebKit/537.36 (KHTML, like Gecko) Chrome/88.0.4324.150 Safari/537.36"
